// Jest Snapshot v1, https://goo.gl/fbAQLP

exports[`TurbineDetailPanel matches snapshot when a turbine is selected 1`] = `
<DocumentFragment>
  <div
    class="w-[300px] h-[500px] bg-gray-900 text-white border-l border-gray-700 flex flex-col justify-start"
  >
    <div
      class="bg-gray-800 bg-opacity-60 backdrop-blur-md shadow-lg border border-gray-700 p-4 flex flex-col gap-4 rounded-lg overflow-auto max-h-full"
    >
      <h2
        class="text-xl font-bold mb-4"
      >
        Turbine Details
      </h2>
      <div
        class="space-y-2"
      >
        <p>
          <strong>
            FunctionalLoc:
          </strong>
           TURB-001
        </p>
        <p>
          <strong>
            TurbineLatitude:
          </strong>
           56.12345
        </p>
        <p>
          <strong>
            TurbineLongitude:
          </strong>
           12.54321
        </p>
      </div>
    </div>
  </div>
</DocumentFragment>
`;
